com/ecommerce/dto/request/CartItemRequest.class
com/ecommerce/model/Order.class
com/ecommerce/exception/UnauthorizedException.class
com/ecommerce/util/Constants.class
com/ecommerce/repository/OrderItemRepository.class
com/ecommerce/model/Category$CategoryBuilder.class
com/ecommerce/security/UserDetailsServiceImpl.class
com/ecommerce/dto/request/ProductRequest.class
com/ecommerce/dto/response/ProductResponse$ProductResponseBuilder.class
com/ecommerce/dto/response/PageResponse.class
com/ecommerce/security/JwtAuthenticationFilter.class
com/ecommerce/model/Category.class
com/ecommerce/controller/AuthController.class
com/ecommerce/dto/response/ProductResponse.class
com/ecommerce/service/AuthService.class
com/ecommerce/dto/request/LoginRequest.class
com/ecommerce/model/Review$ReviewBuilder.class
com/ecommerce/controller/CartController.class
com/ecommerce/model/Product.class
com/ecommerce/repository/CartItemRepository.class
com/ecommerce/model/OrderItem$OrderItemBuilder.class
com/ecommerce/model/Cart$CartBuilder.class
com/ecommerce/service/OrderService.class
com/ecommerce/model/Role.class
com/ecommerce/model/CartItem.class
com/ecommerce/repository/CartRepository.class
com/ecommerce/model/User$UserBuilder.class
com/ecommerce/model/Order$OrderBuilder.class
com/ecommerce/model/CartItem$CartItemBuilder.class
com/ecommerce/model/User.class
com/ecommerce/dto/response/ApiResponse.class
com/ecommerce/model/Cart.class
com/ecommerce/repository/UserRepository.class
com/ecommerce/repository/ReviewRepository.class
com/ecommerce/repository/OrderRepository.class
com/ecommerce/config/SecurityConfig.class
com/ecommerce/config/JwtConfig.class
com/ecommerce/model/Review.class
com/ecommerce/dto/response/JwtResponse.class
com/ecommerce/model/Order$OrderStatus.class
com/ecommerce/controller/UserController.class
com/ecommerce/exception/GlobalExceptionHandler.class
com/ecommerce/dto/request/OrderRequest.class
com/ecommerce/model/OrderItem.class
com/ecommerce/model/Product$ProductBuilder.class
com/ecommerce/repository/ProductRepository.class
com/ecommerce/EcommerceApplication.class
com/ecommerce/dto/request/RegisterRequest.class
com/ecommerce/controller/OrderController.class
com/ecommerce/service/UserService.class
com/ecommerce/service/CartService.class
com/ecommerce/security/JwtTokenProvider.class
com/ecommerce/service/ProductService.class
com/ecommerce/repository/CategoryRepository.class
com/ecommerce/controller/ProductController.class
com/ecommerce/exception/ResourceNotFoundException.class
