/Users/sharathchandra/Downloads/ecommerce-backend/src/main/java/com/ecommerce/repository/CategoryRepository.java
/Users/sharathchandra/Downloads/ecommerce-backend/src/main/java/com/ecommerce/service/CartService.java
/Users/sharathchandra/Downloads/ecommerce-backend/src/main/java/com/ecommerce/dto/request/OrderRequest.java
/Users/sharathchandra/Downloads/ecommerce-backend/src/main/java/com/ecommerce/service/ProductService.java
/Users/sharathchandra/Downloads/ecommerce-backend/src/main/java/com/ecommerce/model/Category.java
/Users/sharathchandra/Downloads/ecommerce-backend/src/main/java/com/ecommerce/dto/response/JwtResponse.java
/Users/sharathchandra/Downloads/ecommerce-backend/src/main/java/com/ecommerce/repository/OrderItemRepository.java
/Users/sharathchandra/Downloads/ecommerce-backend/src/main/java/com/ecommerce/config/SecurityConfig.java
/Users/sharathchandra/Downloads/ecommerce-backend/src/main/java/com/ecommerce/EcommerceApplication.java
/Users/sharathchandra/Downloads/ecommerce-backend/src/main/java/com/ecommerce/controller/ProductController.java
/Users/sharathchandra/Downloads/ecommerce-backend/src/main/java/com/ecommerce/dto/response/ApiResponse.java
/Users/sharathchandra/Downloads/ecommerce-backend/src/main/java/com/ecommerce/security/JwtTokenProvider.java
/Users/sharathchandra/Downloads/ecommerce-backend/src/main/java/com/ecommerce/repository/UserRepository.java
/Users/sharathchandra/Downloads/ecommerce-backend/src/main/java/com/ecommerce/service/AuthService.java
/Users/sharathchandra/Downloads/ecommerce-backend/src/main/java/com/ecommerce/exception/GlobalExceptionHandler.java
/Users/sharathchandra/Downloads/ecommerce-backend/src/main/java/com/ecommerce/service/OrderService.java
/Users/sharathchandra/Downloads/ecommerce-backend/src/main/java/com/ecommerce/service/UserService.java
/Users/sharathchandra/Downloads/ecommerce-backend/src/main/java/com/ecommerce/config/JwtConfig.java
/Users/sharathchandra/Downloads/ecommerce-backend/src/main/java/com/ecommerce/model/User.java
/Users/sharathchandra/Downloads/ecommerce-backend/src/main/java/com/ecommerce/model/Cart.java
/Users/sharathchandra/Downloads/ecommerce-backend/src/main/java/com/ecommerce/controller/OrderController.java
/Users/sharathchandra/Downloads/ecommerce-backend/src/main/java/com/ecommerce/model/Role.java
/Users/sharathchandra/Downloads/ecommerce-backend/src/main/java/com/ecommerce/dto/response/ProductResponse.java
/Users/sharathchandra/Downloads/ecommerce-backend/src/main/java/com/ecommerce/util/Constants.java
/Users/sharathchandra/Downloads/ecommerce-backend/src/main/java/com/ecommerce/repository/OrderRepository.java
/Users/sharathchandra/Downloads/ecommerce-backend/src/main/java/com/ecommerce/dto/request/ProductRequest.java
/Users/sharathchandra/Downloads/ecommerce-backend/src/main/java/com/ecommerce/dto/request/CartItemRequest.java
/Users/sharathchandra/Downloads/ecommerce-backend/src/main/java/com/ecommerce/model/OrderItem.java
/Users/sharathchandra/Downloads/ecommerce-backend/src/main/java/com/ecommerce/dto/request/RegisterRequest.java
/Users/sharathchandra/Downloads/ecommerce-backend/src/main/java/com/ecommerce/exception/UnauthorizedException.java
/Users/sharathchandra/Downloads/ecommerce-backend/src/main/java/com/ecommerce/repository/ReviewRepository.java
/Users/sharathchandra/Downloads/ecommerce-backend/src/main/java/com/ecommerce/repository/CartItemRepository.java
/Users/sharathchandra/Downloads/ecommerce-backend/src/main/java/com/ecommerce/security/JwtAuthenticationFilter.java
/Users/sharathchandra/Downloads/ecommerce-backend/src/main/java/com/ecommerce/model/CartItem.java
/Users/sharathchandra/Downloads/ecommerce-backend/src/main/java/com/ecommerce/dto/response/PageResponse.java
/Users/sharathchandra/Downloads/ecommerce-backend/src/main/java/com/ecommerce/controller/UserController.java
/Users/sharathchandra/Downloads/ecommerce-backend/src/main/java/com/ecommerce/security/UserDetailsServiceImpl.java
/Users/sharathchandra/Downloads/ecommerce-backend/src/main/java/com/ecommerce/repository/CartRepository.java
/Users/sharathchandra/Downloads/ecommerce-backend/src/main/java/com/ecommerce/controller/AuthController.java
/Users/sharathchandra/Downloads/ecommerce-backend/src/main/java/com/ecommerce/model/Product.java
/Users/sharathchandra/Downloads/ecommerce-backend/src/main/java/com/ecommerce/exception/ResourceNotFoundException.java
/Users/sharathchandra/Downloads/ecommerce-backend/src/main/java/com/ecommerce/dto/request/LoginRequest.java
/Users/sharathchandra/Downloads/ecommerce-backend/src/main/java/com/ecommerce/repository/ProductRepository.java
/Users/sharathchandra/Downloads/ecommerce-backend/src/main/java/com/ecommerce/model/Order.java
/Users/sharathchandra/Downloads/ecommerce-backend/src/main/java/com/ecommerce/model/Review.java
/Users/sharathchandra/Downloads/ecommerce-backend/src/main/java/com/ecommerce/controller/CartController.java
